[0m23:41:17.737711 [debug] [MainThread]: Sending event: {'category': 'dbt', 'action': 'invocation', 'label': 'start', 'context': [<snowplow_tracker.self_describing_json.SelfDescribingJson object at 0x00000267D88C3510>, <snowplow_tracker.self_describing_json.SelfDescribingJson object at 0x00000267D89FE090>, <snowplow_tracker.self_describing_json.SelfDescribingJson object at 0x00000267D89FC190>]}


============================== 23:41:17.745382 | 82dd799a-e0f0-41fa-abfc-d5d72f879f0d ==============================
[0m23:41:17.745382 [info ] [MainThread]: Running with dbt=1.12.2
[0m23:41:17.745382 [debug] [MainThread]: running dbt with arguments {'maximum_seed_size_mib': '1', 'no_print': 'None', 'static_parser': 'True', 'warn_error_options': 'WarnErrorOptionsV2(error=[], warn=[], silence=[])', 'version_check': 'True', 'target_path': 'None', 'printer_width': '80', 'write_json': 'True', 'introspect': 'True', 'log_cache_events': 'False', 'empty': 'None', 'cache_selected_only': 'False', 'log_format': 'default', 'debug': 'False', 'fail_fast': 'False', 'profiles_dir': 'C:\\Users\\blosh\\.dbt', 'send_anonymous_usage_stats': 'True', 'quiet': 'False', 'warn_error': 'None', 'partial_parse': 'True', 'indirect_selection': 'eager', 'hints_enabled': 'True', 'invocation_command': 'dbt init', 'use_experimental_parser': 'False', 'use_colors': 'True', 'log_path': 'logs'}
[0m23:42:24.059311 [debug] [MainThread]: Starter project path: C:\Users\blosh\Desktop\Projects\bb-cdw-demo\.virtual_env\Lib\site-packages\dbt\include\starter_project
[0m23:42:24.199177 [info ] [MainThread]: Setting up your profile.
[0m23:42:26.594605 [info ] [MainThread]: Running dbt debug to validate the project...
[0m23:42:26.596116 [info ] [MainThread]: dbt version: 1.12.2
[0m23:42:26.596116 [info ] [MainThread]: python version: 3.11.1
[0m23:42:26.597159 [info ] [MainThread]: python path: C:\Users\blosh\Desktop\Projects\bb-cdw-demo\.virtual_env\Scripts\python.exe
[0m23:42:26.598194 [info ] [MainThread]: os info: Windows-10-10.0.26200-SP0
[0m23:42:26.671736 [info ] [MainThread]: Using profiles dir at C:\Users\blosh\.dbt
[0m23:42:26.675054 [info ] [MainThread]: Using profiles.yml file at C:\Users\blosh\.dbt\profiles.yml
[0m23:42:26.676056 [info ] [MainThread]: Using dbt_project.yml file at C:\Users\blosh\Desktop\Projects\bb-cdw-demo\data_transformation\bb_demo_dwh\dbt_project.yml
[0m23:42:26.679143 [info ] [MainThread]: adapter type: duckdb
[0m23:42:26.679143 [info ] [MainThread]: adapter version: 1.11.0
[0m23:42:26.796496 [info ] [MainThread]: Configuration:
[0m23:42:26.797506 [info ] [MainThread]:   profiles.yml file [[32mOK found and valid[0m]
[0m23:42:26.799052 [info ] [MainThread]:   dbt_project.yml file [[32mOK found and valid[0m]
[0m23:42:26.800060 [info ] [MainThread]: Required dependencies:
[0m23:42:26.800060 [debug] [MainThread]: Executing "git --help"
[0m23:42:26.861524 [debug] [MainThread]: STDOUT: "b"usage: git [-v | --version] [-h | --help] [-C <path>] [-c <name>=<value>]\n           [--exec-path[=<path>]] [--html-path] [--man-path] [--info-path]\n           [-p | --paginate | -P | --no-pager] [--no-replace-objects] [--bare]\n           [--git-dir=<path>] [--work-tree=<path>] [--namespace=<name>]\n           [--super-prefix=<path>] [--config-env=<name>=<envvar>]\n           <command> [<args>]\n\nThese are common Git commands used in various situations:\n\nstart a working area (see also: git help tutorial)\n   clone     Clone a repository into a new directory\n   init      Create an empty Git repository or reinitialize an existing one\n\nwork on the current change (see also: git help everyday)\n   add       Add file contents to the index\n   mv        Move or rename a file, a directory, or a symlink\n   restore   Restore working tree files\n   rm        Remove files from the working tree and from the index\n\nexamine the history and state (see also: git help revisions)\n   bisect    Use binary search to find the commit that introduced a bug\n   diff      Show changes between commits, commit and working tree, etc\n   grep      Print lines matching a pattern\n   log       Show commit logs\n   show      Show various types of objects\n   status    Show the working tree status\n\ngrow, mark and tweak your common history\n   branch    List, create, or delete branches\n   commit    Record changes to the repository\n   merge     Join two or more development histories together\n   rebase    Reapply commits on top of another base tip\n   reset     Reset current HEAD to the specified state\n   switch    Switch branches\n   tag       Create, list, delete or verify a tag object signed with GPG\n\ncollaborate (see also: git help workflows)\n   fetch     Download objects and refs from another repository\n   pull      Fetch from and integrate with another repository or a local branch\n   push      Update remote refs along with associated objects\n\n'git help -a' and 'git help -g' list available subcommands and some\nconcept guides. See 'git help <command>' or 'git help <concept>'\nto read about a specific subcommand or concept.\nSee 'git help git' for an overview of the system.\n""
[0m23:42:26.862609 [debug] [MainThread]: STDERR: "b''"
[0m23:42:26.862609 [info ] [MainThread]:  - git [[32mOK found[0m]

[0m23:42:26.863524 [info ] [MainThread]: Connection:
[0m23:42:26.863524 [info ] [MainThread]:   database: dev
[0m23:42:26.864524 [info ] [MainThread]:   schema: main
[0m23:42:26.864524 [info ] [MainThread]:   path: dev.duckdb
[0m23:42:26.865524 [info ] [MainThread]:   config_options: None
[0m23:42:26.865524 [info ] [MainThread]:   extensions: None
[0m23:42:26.866542 [info ] [MainThread]:   settings: {}
[0m23:42:26.867053 [info ] [MainThread]:   external_root: .
[0m23:42:26.867053 [info ] [MainThread]:   use_credential_provider: None
[0m23:42:26.868057 [info ] [MainThread]:   attach: None
[0m23:42:26.868057 [info ] [MainThread]:   filesystems: None
[0m23:42:26.869056 [info ] [MainThread]:   remote: None
[0m23:42:26.870055 [info ] [MainThread]:   plugins: None
[0m23:42:26.871056 [info ] [MainThread]:   disable_transactions: False
[0m23:42:26.872086 [info ] [MainThread]: Registered adapter: duckdb=1.11.0
[0m23:42:27.144111 [debug] [MainThread]: Acquiring new duckdb connection 'debug'
[0m23:42:31.034118 [debug] [MainThread]: Using duckdb connection "debug"
[0m23:42:31.035119 [debug] [MainThread]: On debug: select 1 as id
[0m23:42:31.036052 [debug] [MainThread]: Opening a new connection, currently in state init
[0m23:42:31.066148 [debug] [MainThread]: SQL status: OK in 0.031 seconds
[0m23:42:31.068136 [debug] [MainThread]: On debug: Close
[0m23:42:31.069098 [info ] [MainThread]:   Connection test: [[32mOK connection ok[0m]

[0m23:42:31.069098 [info ] [MainThread]: [32mAll checks passed![0m
[0m23:42:31.070097 [info ] [MainThread]: Your new dbt project "bb_demo_dwh" was created!
Initialized new project in C:\Users\blosh\Desktop\Projects\bb-cdw-demo\data_transformation\bb_demo_dwh\bb_demo_dwh

For more information on how to configure the profiles.yml file,
please consult the dbt documentation here:

  https://docs.getdbt.com/docs/configure-your-profile

One more thing:

Need help? Don't hesitate to reach out to us via GitHub issues or on Slack:

  https://community.getdbt.com/

Happy modeling!

[0m23:42:31.072100 [debug] [MainThread]: Command `dbt init` succeeded at 23:42:31.072100 after 73.48 seconds
[0m23:42:31.073117 [debug] [MainThread]: Connection 'debug' was properly closed.
[0m23:42:31.074205 [debug] [MainThread]: Sending event: {'category': 'dbt', 'action': 'invocation', 'label': 'end', 'context': [<snowplow_tracker.self_describing_json.SelfDescribingJson object at 0x00000267D8A43950>, <snowplow_tracker.self_describing_json.SelfDescribingJson object at 0x00000267D8A43F50>, <snowplow_tracker.self_describing_json.SelfDescribingJson object at 0x00000267D8984750>]}
[0m23:42:31.075164 [debug] [MainThread]: Flushing usage events
[0m23:42:32.763922 [debug] [MainThread]: An error was encountered while trying to flush usage events
[0m23:46:57.848824 [debug] [MainThread]: Sending event: {'category': 'dbt', 'action': 'invocation', 'label': 'start', 'context': [<snowplow_tracker.self_describing_json.SelfDescribingJson object at 0x0000025A6DEC0A10>, <snowplow_tracker.self_describing_json.SelfDescribingJson object at 0x0000025A6DEC0510>, <snowplow_tracker.self_describing_json.SelfDescribingJson object at 0x0000025A6DEC2610>]}


============================== 23:46:57.852059 | e9579a53-5cd8-495a-8aef-133f9b0c0bfc ==============================
[0m23:46:57.852059 [info ] [MainThread]: Running with dbt=1.12.2
[0m23:46:57.853164 [debug] [MainThread]: running dbt with arguments {'maximum_seed_size_mib': '1', 'no_print': 'None', 'static_parser': 'True', 'warn_error_options': 'WarnErrorOptionsV2(error=[], warn=[], silence=[])', 'target_path': 'None', 'version_check': 'True', 'printer_width': '80', 'write_json': 'True', 'introspect': 'True', 'log_cache_events': 'False', 'empty': 'None', 'cache_selected_only': 'False', 'fail_fast': 'False', 'debug': 'False', 'log_format': 'default', 'partial_parse': 'True', 'send_anonymous_usage_stats': 'True', 'quiet': 'False', 'warn_error': 'None', 'profiles_dir': 'C:\\Users\\blosh\\.dbt', 'invocation_command': 'dbt debug --config-dir', 'hints_enabled': 'True', 'use_colors': 'True', 'use_experimental_parser': 'False', 'indirect_selection': 'eager', 'log_path': 'logs'}
[0m23:46:57.881327 [info ] [MainThread]: To view your profiles.yml file, run:

start C:\Users\blosh\.dbt
[0m23:46:57.882940 [debug] [MainThread]: Command `dbt debug` succeeded at 23:46:57.882940 after 0.20 seconds
[0m23:46:57.882940 [debug] [MainThread]: Sending event: {'category': 'dbt', 'action': 'invocation', 'label': 'end', 'context': [<snowplow_tracker.self_describing_json.SelfDescribingJson object at 0x0000025A6DF37D50>, <snowplow_tracker.self_describing_json.SelfDescribingJson object at 0x0000025A6DE04150>, <snowplow_tracker.self_describing_json.SelfDescribingJson object at 0x0000025A6DEB3950>]}
[0m23:46:57.884029 [debug] [MainThread]: Flushing usage events
[0m23:46:58.318813 [debug] [MainThread]: An error was encountered while trying to flush usage events
